  4012A0     27EC Code                DEBUGER_TEXT
  403A8C     197F Code                FIXER_TEXT
  40540C       23 Code                IEXE32_TEXT
  405430      148 Code                INIT_TEXT
  405578        D Code                INST00_TEXT
  405588    1BC10 Code                STRINGTHEORY_TEXT
  422000     10DC Initialized Data    $DBG_DATA
  4230DC      500 Initialized Data    DEBUGER_CONST
  4235DC      1E8 Initialized Data    DEBUGER_DATA
  4237C4       F9 Initialized Data    FIXER_CONST
  4238C0       CE Initialized Data    FIXER_DATA
  423990       44 Initialized Data    IEXE32_DATA
  4239D4     15F4 Initialized Data    STRINGTHEORY_CONST
  424FC8      694 Initialized Data    STRINGTHEORY_DATA
  42565C        0 Initialized Data    __CPPINI_CONS
  42565C       54 Initialized Data    __CPPINI_CONST
  4256B0        4 Initialized Data    __CPPINI_END
  4256B4        0 Initialized Data    __INIVMT_CONS
  4256B4       10 Initialized Data    __INIVMT_CONST
  4256C4        0 Initialized Data    __INIVMT_CONST_END
  4256D0      109 Un-initialized Data DEBUGER_BSS
  4257DC     1818 Un-initialized Data FIXER_BSS
  426FF4       28 Un-initialized Data STRINGTHEORY_BSS
  428000        8 __T_L_S__DAT
  428008       54 __T_L_S__DATA
  42805C        0 __T_L_S__DATA_END
  428060        0 __T_L_S__BS
  428060     1004 __T_L_S__BSS
  429064        0 __T_L_S__BSS_END

  4016C8 debuger_ods
  401764 MYASSERTHOOK2@Flsbsb
  401E7C ODS@F7DEBUGERsb
  401ED0 DESCRIBEACTION@F7DEBUGERl
  401F94 ASSERTHOOKACTION@F7DEBUGERllsbsb
  402070 MATCHASSERTMSG@F7DEBUGERlsbsb
  4022F0 FREEASSERTMSG@F7DEBUGER
  402368 ADDASSERTMSG@F7DEBUGERlsbll
  402430 GETUSEREVENT@F7DEBUGERl
  4024C0 ADDUSEREVENT@F7DEBUGERsbl
  402564 SET_DUMPQUE_ASCIIBYDEFAULT@F7DEBUGERUc
  402624 SET_DUMPQUE_DEFAULTFILENAME@F7DEBUGERsb
  40266C SET_MODULE_DEBUGER@F7DEBUGER
  4026C4 CLEAR_MODULE_DEBUGER@F7DEBUGER
  40274C SET_ASSERTHOOK2@F7DEBUGER
  402794 PRINTEVENT@F7DEBUGEROsbOUc
  402DB4 GETFEQDESCR@F7DEBUGERl
  402E40 GETEVENTDESCR@F7DEBUGERl
  402FE8 SHOWMESSAGEWINDOW@F7DEBUGERsbsb
  403144 DEBUGBREAK@F7DEBUGER
  40316C DELAYOUT@F7DEBUGERsbOsbUc
  4032EC DEBUGOUT@F7DEBUGERsbOsbUcUc
  40356C CLEARLOG@F7DEBUGER
  4035E0 KILL@F7DEBUGER
  40372C DESTRUCT@F7DEBUGER
  403748 CONSTRUCT@F7DEBUGER
  403760 INIT@F7DEBUGERsbUcsUcUc
  403A1C MG_INIT@F7DEBUGERsb
  403BBC _main
  403DF4 FIX_PATH@Fsb
  403F1C EXTRACTFILEEXTENSION@Fsb
  4040A0 PROCESSTHISFILE@Fsb
  404310 GETALLFILES@Fsb8CLSNAMEQ
  404660 SAVECONFIGFILE@F
  4049A0 READCONFIGFILE@F
  404CEC OPENCONFIGFILE@F
  404D20 PROCESSALLFILES@F
  404F3C GETLISTBOXVALUES@F
  4050A4 UPDATEVAUES@F
  405578 __thr_inst0
  405EA0 SORTCASEINSENSITIVE@F14LINESGROUPTYPE14LINESGROUPTYPE
  405F2C SORTLENGTH@F14LINESGROUPTYPE14LINESGROUPTYPE
  405FD8 SORTCASESENSITIVE@F14LINESGROUPTYPE14LINESGROUPTYPE
  40603C _IANANAMETONUMBER@F12STRINGTHEORYsb
  406934 ASNENCODENUMBER@F12STRINGTHEORYsbl
  4069E4 ASNENCODE@F12STRINGTHEORYsbOsb
  406B40 ASNDECODE@F12STRINGTHEORYRl12STRINGTHEORYPsb
  406DA0 CONVERTANSITOOEM@F12STRINGTHEORY
  406DF4 CONVERTOEMTOANSI@F12STRINGTHEORY
  406E48 ENDSWITH@F12STRINGTHEORYsbll
  406F90 STARTSWITH@F12STRINGTHEORYsbll
  4070C0 FORMATTIME@F12STRINGTHEORYdsb
  40800C FORMATTIME@F12STRINGTHEORYsb
  4080D0 DEFORMATTIME@F12STRINGTHEORY
  4087C8 DEFORMATTIME@F12STRINGTHEORYsb
  408868 ISTIME@F12STRINGTHEORY
  40898C ISTIME@F12STRINGTHEORYsb
  408A24 LINEENDINGS@F12STRINGTHEORYl
  408BDC MERGEXML@F12STRINGTHEORYsbl
  408EAC GUNZIP@F12STRINGTHEORY
  40917C GZIP@F12STRINGTHEORYl
  4094E8 LOADNORMALIZE@F12STRINGTHEORY
  40961C LOADLIBS@F12STRINGTHEORY
  40981C PEEKRAM@F12STRINGTHEORYUlll
  409D10 PEEKRAM@F12STRINGTHEORYl
  409D3C CLEANFILENAME@F12STRINGTHEORYOsbOsb
  409F40 URLDECODE@F12STRINGTHEORYOsbOsb
  40A424 URLENCODE@F12STRINGTHEORYlOsbOsbOsb
  40B470 URLENCODE@F12STRINGTHEORYsblsbsbsb
  40B5C0 COLORFROMHEX@F12STRINGTHEORYsb
  40B7B0 COLORTOHEX@F12STRINGTHEORYll
  40B870 FINDCHARS@F12STRINGTHEORYsbllOsb
  40B924 FINDCHARS@F12STRINGTHEORYRsbllOsb
  40BA50 FINDCHAR@F12STRINGTHEORYsbllOsb
  40BB5C UNQUOTE@F12STRINGTHEORYOsbOsb
  40BCC8 QUOTE@F12STRINGTHEORYOsbOsb
  40BEE4 INSERT@F12STRINGTHEORYlsb
  40C0A0 SETSLICE@F12STRINGTHEORYUlUlsb
  40C1F8 STR@F12STRINGTHEORYRsb
  40C284 STR@F12STRINGTHEORYsb
  40C328 STR@F12STRINGTHEORY
  40C3A4 REVERSEBYTEORDER@F12STRINGTHEORY
  40C3C4 LITTLEENDIAN@F12STRINGTHEORYUl
  40C3E4 BIGENDIAN@F12STRINGTHEORYUl
  40C404 SWITCHENDIAN@F12STRINGTHEORYUl
  40C440 LITTLEENDIAN@F12STRINGTHEORY
  40C488 BIGENDIAN@F12STRINGTHEORY
  40C4D0 _SWITCHENDIAN@F12STRINGTHEORY
  40C570 MATCHBRACKETS@F12STRINGTHEORYsbsbl
  40C670 KEEPCHARS@F12STRINGTHEORYsb
  40C7A4 REMOVECHARS@F12STRINGTHEORYsb
  40C8B4 ISALL@F12STRINGTHEORYsbOsbl
  40CA44 ISASCII@F12STRINGTHEORY
  40CAA0 CONTAINSCHAR@F12STRINGTHEORYsbsb
  40CB34 CONTAINSCHAR@F12STRINGTHEORYsbRsb
  40CBBC CONTAINSCHAR@F12STRINGTHEORYsb
  40CC30 CONTAINSA@F12STRINGTHEORYsbOsbl
  40CDAC ISALLDIGITS@F12STRINGTHEORY
  40CDFC CONTAINSADIGIT@F12STRINGTHEORY
  40CE4C SQUEEZE@F12STRINGTHEORYlOsb
  40CFC8 SETALL@F12STRINGTHEORYl
  40D050 ALL@F12STRINGTHEORYl
  40D0DC SETRIGHT@F12STRINGTHEORYllOsb
  40D15C RIGHT@F12STRINGTHEORYllOsb
  40D384 SETLEFT@F12STRINGTHEORYllOsb
  40D404 LEFT@F12STRINGTHEORYllOsb
  40D668 REVERSE@F12STRINGTHEORY
  40D73C REVERSE@F12STRINGTHEORYsb
  40D834 TRIM@F12STRINGTHEORYOsb
  40DA08 CLIP@F12STRINGTHEORY
  40DA54 REMOVE@F12STRINGTHEORYsbOsblll
  40DC78 DECENTITYTOCHAR@F12STRINGTHEORY
  40DF5C HTMLENTITYTODEC@F12STRINGTHEORY
  40FE60 REMOVEXMLPREFIXES@F12STRINGTHEORY
  40FF9C REMOVEATTRIBUTES@F12STRINGTHEORYsbl
  410184 COUNTWORDS@F12STRINGTHEORYllOsb
  410240 WORDEND@F12STRINGTHEORYllOsb
  410670 WORDSTART@F12STRINGTHEORYlllOsb
  41091C GETWORD@F12STRINGTHEORYlllOsb
  41098C FINDWORD@F12STRINGTHEORYlllRlRlOsb
  410BD4 GETBYTES@F12STRINGTHEORYRusbl
  411100 SETBYTES@F12STRINGTHEORYRusbl
  4115A0 GETBYTES@F12STRINGTHEORYRspl
  4115D8 GETBYTES@F12STRINGTHEORYRsbl
  411610 GETBYTES@F12STRINGTHEORYRscl
  411648 GETBYTES@F12STRINGTHEORYRel
  411684 GETBYTES@F12STRINGTHEORYRdl
  4116B8 GETBYTES@F12STRINGTHEORYRfl
  4116EC GETBYTES@F12STRINGTHEORYRUll
  411720 GETBYTES@F12STRINGTHEORYRll
  41174C GETBYTES@F12STRINGTHEORYRUsl
  411780 GETBYTES@F12STRINGTHEORYRsl
  4117B4 GETBYTES@F12STRINGTHEORYRUcl
  4117E8 SETBYTES@F12STRINGTHEORYRsp
  411820 SETBYTES@F12STRINGTHEORYRsb
  411844 SETBYTES@F12STRINGTHEORYRsc
  411878 SETBYTES@F12STRINGTHEORYRe
  4118C8 SETBYTES@F12STRINGTHEORYRd
  4118F4 SETBYTES@F12STRINGTHEORYRf
  411920 SETBYTES@F12STRINGTHEORYRUl
  41194C SETBYTES@F12STRINGTHEORYRl
  411978 SETBYTES@F12STRINGTHEORYRUs
  4119A4 SETBYTES@F12STRINGTHEORYRs
  4119D0 SETBYTES@F12STRINGTHEORYRUc
  4119FC FROMBYTES@F12STRINGTHEORYRsbRspl
  411A34 FROMBYTES@F12STRINGTHEORYRsbRsbl
  411A6C FROMBYTES@F12STRINGTHEORYRsbRscl
  411AA4 FROMBYTES@F12STRINGTHEORYRsbRel
  411B00 FROMBYTES@F12STRINGTHEORYRsbRdl
  411B4C FROMBYTES@F12STRINGTHEORYRsbRfl
  411B98 FROMBYTES@F12STRINGTHEORYRsbRUll
  411BE4 FROMBYTES@F12STRINGTHEORYRsbRll
  411C30 FROMBYTES@F12STRINGTHEORYRsbRUsl
  411C7C FROMBYTES@F12STRINGTHEORYRsbRsl
  411CC8 FROMBYTES@F12STRINGTHEORYRsbRUcl
  411D14 TOBYTES@F12STRINGTHEORYRsbRsbl
  411D4C TOBYTES@F12STRINGTHEORYRspRsbl
  411D8C TOBYTES@F12STRINGTHEORYRscRsbl
  411DC4 TOBYTES@F12STRINGTHEORYReRsbl
  411E08 TOBYTES@F12STRINGTHEORYRdRsbl
  411E68 TOBYTES@F12STRINGTHEORYRfRsbl
  411EC8 TOBYTES@F12STRINGTHEORYRUlRsbl
  411F28 TOBYTES@F12STRINGTHEORYRlRsbl
  411F88 TOBYTES@F12STRINGTHEORYRUsRsbl
  411FE4 TOBYTES@F12STRINGTHEORYRsRsbl
  412040 TOBYTES@F12STRINGTHEORYRUcRsbl
  41209C STRCPY@F12STRINGTHEORYRsbRsbl
  412150 WRAPTEXT@F12STRINGTHEORYlll
  41281C FROMHEX@F12STRINGTHEORY
  412980 TOHEX@F12STRINGTHEORYll
  412B8C HEXTOSTRING@F12STRINGTHEORYsb
  412EDC STRINGTOHEX@F12STRINGTHEORYsbll
  413034 LONGTOHEX@F12STRINGTHEORYl
  4130E8 HEXTOBYTE@F12STRINGTHEORYsb
  413168 BYTETOHEX@F12STRINGTHEORYUc
  4131E8 BASETODEC@F12STRINGTHEORYsbl
  4132C0 DECTOBASE@F12STRINGTHEORYlll
  41341C NORMALIZE@F12STRINGTHEORYll
  413654 UTF16TOUTF8CHAR@F12STRINGTHEORYsbRl
  41384C DECODEHEXINLINE@F12STRINGTHEORYsblUl
  413A24 DECODEHEXINLINE@F12STRINGTHEORYUl
  413A88 TOUNICODE@F12STRINGTHEORYlUl
  413CBC TOANSI@F12STRINGTHEORYlUll
  413F0C TOANSI@F12STRINGTHEORYlUl
  4141B0 APIANSITOUTF8@F12STRINGTHEORYRsbRl
  4141F0 APIUTF8TOANSI@F12STRINGTHEORYRsbRl
  414230 ANSITOUTF8@F12STRINGTHEORYRsbRlUl
  414308 UTF8TOANSI@F12STRINGTHEORYRsbRlUl
  4143C0 UTF16TO8@F12STRINGTHEORYRsbRll
  41452C UTF8TO16@F12STRINGTHEORYRsbRl
  414660 UTF16TOANSI@F12STRINGTHEORYRsbRllUl
  4147C8 ANSITOUTF16@F12STRINGTHEORYRsbRlUl
  414904 LONGDIVISION@F12STRINGTHEORYlRll
  414A7C CHANGEBASE@F12STRINGTHEORYll
  414B90 FROMBLOB@F12STRINGTHEORYBb
  414C98 TOBLOB@F12STRINGTHEORYBb
  414DCC AFTER@F12STRINGTHEORYsblll
  414EB4 FINDBETWEENPOSITION@F12STRINGTHEORYsbsbRlRlll
  41503C FINDBETWEEN@F12STRINGTHEORYsbsbRlRlll
  415108 BETWEEN@F12STRINGTHEORYsbsbllll
  41518C BEFORE@F12STRINGTHEORYsblll
  41523C ADDBOM@F12STRINGTHEORYl
  4153B8 SETENCODINGFROMBOM@F12STRINGTHEORYl
  4154FC SAVEFILEA@F12STRINGTHEORYsbsbl
  415568 SAVEFILE@F12STRINGTHEORYRsbsbll
  4157D4 SAVEFILE@F12STRINGTHEORYsbl
  415898 LOADFILE@F12STRINGTHEORYsblll
  415C08 URLPARAMETER@F12STRINGTHEORYsbOsb
  415F5C URLPARAMETERSONLY@F12STRINGTHEORYOsb
  4160FC URLFILEONLY@F12STRINGTHEORYOsb
  41635C URLPATHONLY@F12STRINGTHEORYOsbl
  416594 URLPORTONLY@F12STRINGTHEORYOsb
  4167B8 URLHOSTONLY@F12STRINGTHEORYOsbl
  416A04 URLPROTOCOLONLY@F12STRINGTHEORYOsb
  416B9C PATHONLY@F12STRINGTHEORYOsb
  416D18 FILENAMEONLY@F12STRINGTHEORYOsbl
  41711C LOWER@F12STRINGTHEORYOsbOsb
  417354 UPPER@F12STRINGTHEORYOsbOsb
  41758C TRACE@F12STRINGTHEORYOsb
  417708 TRACE@F12STRINGTHEORYBq
  417814 TOCSTRING@F12STRINGTHEORY
  417928 GETCODEPAGEFROMCHARSET@F12STRINGTHEORYOl
  4179E0 SUB@F12STRINGTHEORYll
  417AB4 FILTER@F12STRINGTHEORYsbsb
  417C14 SORT@F12STRINGTHEORYl
  417C6C SORT@F12STRINGTHEORYlsbOsbOsbll
  417D6C SPLITBETWEEN@F12STRINGTHEORYsbsbll
  417F14 SPLITBYMATCH@F12STRINGTHEORYsbl
  418098 SPLITEVERY@F12STRINGTHEORYl
  4181EC SPLIT@F12STRINGTHEORYsbOsbOsblllOsbl
  418E58 SLICE@F12STRINGTHEORYll
  418F04 SETLENGTH@F12STRINGTHEORYll
  41914C REMOVEHTML@F12STRINGTHEORY
  4192C4 REPLACESINGLECHARS@F12STRINGTHEORYsbsbl
  419408 REPLACESINGLECHARS@F12STRINGTHEORYsbsb
  419540 REPLACE@F12STRINGTHEORYsbsblllll
  41A244 RECORDS@F12STRINGTHEORY
  41A270 MAKEGUID@F12STRINGTHEORYll
  41A2B4 RANDOM@F12STRINGTHEORYllOsb
  41A840 PREPEND@F12STRINGTHEORY12STRINGTHEORYOsb
  41A8A0 PREPEND@F12STRINGTHEORYsblOsb
  41AB44 MD5@F12STRINGTHEORYl
  41AC54 _MALLOC@F12STRINGTHEORYlll
  41AE14 CHARS@F12STRINGTHEORYlOsb
  41AFE8 LEN@F12STRINGTHEORY
  41B004 LENGTHA@F12STRINGTHEORY
  41B020 LENGTH@F12STRINGTHEORY
  41B03C JOIN@F12STRINGTHEORYsbOsbOsbl
  41B6D8 SERIALIZEGROUP@F12STRINGTHEORYRg12STRINGTHEORYOsbOsbll
  41BB78 SERIALIZEQUEUE@F12STRINGTHEORYBqOsb12STRINGTHEORYOsbOsbll
  41BCDC SERIALIZEGROUP@F12STRINGTHEORYRgOsbOsbOsbll
  41BE64 SERIALIZEQUEUE@F12STRINGTHEORYBqOsbOsbOsbOsbll
  41BFFC REMOVELINES@F12STRINGTHEORYOsb
  41C100 DELETELINE@F12STRINGTHEORYl
  41C16C ADDLINE@F12STRINGTHEORYlRsb
  41C250 ADDLINE@F12STRINGTHEORYlsb
  41C294 SETLINE@F12STRINGTHEORYlRsb
  41C3A8 SETLINE@F12STRINGTHEORYlsb
  41C3EC INLINE@F12STRINGTHEORYsbllllll
  41C5D4 GETBUFFERLENGTH@F12STRINGTHEORY
  41C600 GETLINE@F12STRINGTHEORYl
  41C6DC GETVAL@F12STRINGTHEORY
  41C704 GETVALUE@F12STRINGTHEORYl
  41C7C4 GETVALUE@F12STRINGTHEORY
  41C840 FORMATMESSAGE@F12STRINGTHEORYl
  41C8A0 EXTENSIONONLY@F12STRINGTHEORYOsb
  41CA88 ERRORTRAP@F12STRINGTHEORYsbsb
  41CBA0 CAPITALIZE@F12STRINGTHEORYlllOsb
  41CDF8 COUNT@F12STRINGTHEORYsbllllll
  41D008 FINDMATCHPOSITION@F12STRINGTHEORYsbRlRlll
  41D234 FINDMATCH@F12STRINGTHEORYsbRlRlll
  41D2E4 MATCH@F12STRINGTHEORYsbllll
  41D438 INSTRING@F12STRINGTHEORYsblllll
  41D828 CROP@F12STRINGTHEORYUlUl
  41D860 CLIPLENGTH@F12STRINGTHEORY
  41D8D0 CLIPLEN@F12STRINGTHEORY
  41D8F0 FREELINES@F12STRINGTHEORY
  41D954 FREE@F12STRINGTHEORYll
  41D9F4 XMLDECODE@F12STRINGTHEORY
  41DB50 XMLENCODE@F12STRINGTHEORYl
  41DCAC JSONDECODE@F12STRINGTHEORY
  41E280 JSONENCODE@F12STRINGTHEORYl
  41E778 ENCODEDWORDENCODE@F12STRINGTHEORYOsbl
  41EA2C _ENCODEDWORDDECODEWORK@F12STRINGTHEORY
  41EF68 ENCODEDWORDDECODE@F12STRINGTHEORY
  41F3BC QUOTEDPRINTABLEDECODE@F12STRINGTHEORY
  41F448 QUOTEDPRINTABLEENCODE@F12STRINGTHEORY
  41F67C BASE64DECODE@F12STRINGTHEORYRsbRl
  41F8BC BASE64DECODE@F12STRINGTHEORY
  41F940 BASE64ENCODE@F12STRINGTHEORYRsbRl
  41FE38 BASE64ENCODE@F12STRINGTHEORYl
  41FFD4 SETVALUE@F12STRINGTHEORYRsbl
  420170 GETADDRESS@F12STRINGTHEORY
  42018C GETVALUEPTR@F12STRINGTHEORY
  420210 ABBREVIATE@F12STRINGTHEORYlll
  420384 ASSIGN@F12STRINGTHEORYsb
  4203C4 ASSIGN@F12STRINGTHEORYRsb
  4203E8 _SETVALUEPOINTER@F12STRINGTHEORYllll
  42049C _GETNEXTBUFFERSIZE@F12STRINGTHEORYl
  42055C EQUALS@F12STRINGTHEORYsbl
  4206E4 EQUALS@F12STRINGTHEORY12STRINGTHEORYl
  4207D4 _EQUALSUNICODE@F12STRINGTHEORY12STRINGTHEORYl
  420950 _EQUALSUNICODE@F12STRINGTHEORYRsbl
  420A10 SETVALUE@F12STRINGTHEORYsbl
  420A4C SETVALUE@F12STRINGTHEORY12STRINGTHEORY
  420B14 CATADDR@F12STRINGTHEORYll
  420B90 CAT@F12STRINGTHEORYRsbl
  420C18 CAT@F12STRINGTHEORYsbl
  420CAC APPEND@F12STRINGTHEORY12STRINGTHEORYOsb
  420D94 APPEND@F12STRINGTHEORYRsblOsb
  420EE0 APPEND@F12STRINGTHEORYsblOsb
  420F90 APPENDBINARY@F12STRINGTHEORYll
  420FC0 APPENDA@F12STRINGTHEORYsblOsb
  421070 START@F12STRINGTHEORY
  421104 CONSTRUCT@F12STRINGTHEORY
  421140 DESTRUCT@F12STRINGTHEORY
  422000 $DBG
  4235DC TYPE$DEBUGERSQ
  4235F8 TCB$DEBUGERSQ
  423620 TYPE$QTUSEREVENTNAME
  42364C TYPE$QTASSERTMESSAGES
  423684 TYPE$DEBUGER
  4237B0 VMT$DEBUGER
  4238C0 TYPE$CLSNAMEQ
  4238F4 TYPE$CLSSEARCHREPLACEQ
  423930 TCB$QQSEARCHREPLACE
  423940 TCB$QQFILENAMES
  4250F8 TYPE$STRINGTHEORY
  425214 VMT$STRINGTHEORY
  4256B4 VMTP$DEBUGER
  4256BC VMTP$STRINGTHEORY
  4256D0 $DEBUGERSQ
  4257D8 $MOD:CLEAREDININIT
  4257DC $QQFILENAMES
  4259E0 $QQSEARCHREPLACE
  4261E4 $MYWINDOW
  4261E8 $STRINIFILENAME
  4262EC $STRBROWSEBASE
  4263F0 $STRBROWSEEXTENSIONS
  4267F0 $INTNO
  4267F4 $STRSEARCHSTRING
  426BF4 $STRREPLACESTRING
  426FF4 stNormalizeString
  426FF8 $HNORMALIZ
  426FFC stInflateEnd
  427000 stInflate
  427004 stInflateInit2_
  427008 stDeflateEnd
  42700C stDeflate
  427010 stDeflateInit2_
  427014 $HZLIB
  427018 $SEEDED
  42A000 __import_section_start
  42B2C0 __import_section_end

Imports
ClaASC.dll:ASCII 42A06C
ClaRUN.dll:Cla$ACCEPTED 42A2D0,401000
ClaRUN.dll:Cla$ADDqueue 42A2D4
ClaRUN.dll:Cla$ADDqueuekey 42A2D8,401008
ClaRUN.dll:Cla$ADDqueueptr 42A2DC
ClaRUN.dll:Cla$AssignLong2RefUfo 42A2E0
ClaRUN.dll:Cla$AssignReal2RefUfo 42A2E4
ClaRUN.dll:Cla$AssignRefUfo 42A2E8
ClaRUN.dll:Cla$BEEP 42A2EC,401010
ClaRUN.dll:Cla$BLOB_GET_PROPERTY 42A2F0
ClaRUN.dll:Cla$BLOB_SET_PROPERTY 42A2F4
ClaRUN.dll:Cla$BLOB_TAKE 42A2F8
ClaRUN.dll:Cla$BLOB_YIELD 42A2FC
ClaRUN.dll:Cla$CLEAR 42A300
ClaRUN.dll:Cla$CLEARqueue 42A304
ClaRUN.dll:Cla$clearstr 42A308
ClaRUN.dll:Cla$CLOCK 42A30C,401018
ClaRUN.dll:Cla$code 42A310
ClaRUN.dll:Cla$COMMAND 42A314,401020
ClaRUN.dll:Cla$comparestr 42A318
ClaRUN.dll:Cla$CONVERTANSITOOEM 42A31C,401028
ClaRUN.dll:Cla$CONVERTOEMTOANSI 42A320,401030
ClaRUN.dll:Cla$CopyFile 42A324,401038
ClaRUN.dll:Cla$DecAdd 42A328
ClaRUN.dll:Cla$DecDistinct 42A32C
ClaRUN.dll:Cla$DecDivide 42A330
ClaRUN.dll:Cla$DecMul 42A334
ClaRUN.dll:Cla$DecSub 42A338
ClaRUN.dll:Cla$DELETEqueue 42A33C,401040
ClaRUN.dll:Cla$DInt 42A340
ClaRUN.dll:Cla$DISPLAY 42A344,401048
ClaRUN.dll:Cla$DISPOSEqueue 42A348
ClaRUN.dll:Cla$DPopDec 42A34C
ClaRUN.dll:Cla$DPopLong 42A350
ClaRUN.dll:Cla$DPopReal 42A354
ClaRUN.dll:Cla$DPopUlong 42A358
ClaRUN.dll:Cla$DPushLong 42A35C
ClaRUN.dll:Cla$DPushULong 42A360
ClaRUN.dll:Cla$duplicate 42A364
ClaRUN.dll:Cla$EndEventLoop 42A368
ClaRUN.dll:Cla$ERRORCODE 42A36C,401050
ClaRUN.dll:Cla$EVENT 42A370,401058
ClaRUN.dll:Cla$FIELD 42A374,401060
ClaRUN.dll:Cla$FIELDNAME 42A378,401068
ClaRUN.dll:Cla$FILEDIALOG 42A37C,401070
ClaRUN.dll:Cla$FileExists 42A380,401078
ClaRUN.dll:CLA$FILE_DESTROY 42A384
ClaRUN.dll:Cla$FOCUS 42A388,401080
ClaRUN.dll:Cla$FREEqueue 42A38C
ClaRUN.dll:Cla$FREEqueuea 42A390,401088
ClaRUN.dll:Cla$freestr 42A394
ClaRUN.dll:Cla$FreeUfo 42A398
ClaRUN.dll:Cla$freewindow 42A39C
ClaRUN.dll:Cla$GETGROUP 42A3A0,401090
ClaRUN.dll:Cla$GETINI 42A3A4,401098
ClaRUN.dll:Cla$GetPropS 42A3A8
ClaRUN.dll:Cla$GETqueuekey 42A3AC,4010A0
ClaRUN.dll:Cla$GETqueueptr 42A3B0
ClaRUN.dll:Cla$HALT 42A3B4,4010A8
ClaRUN.dll:Cla$init 42A3B8
ClaRUN.dll:Cla$IsAlpha 42A3BC,4010B0
ClaRUN.dll:Cla$isftoupper 42A3C0,4010B8
ClaRUN.dll:Cla$ISGROUP 42A3C4,4010C0
ClaRUN.dll:Cla$KEYCODE 42A3C8,4010C8
ClaRUN.dll:Cla$LFNDIRECTORY 42A3CC,4010D0
ClaRUN.dll:Cla$MATCH 42A3D0,4010D8
ClaRUN.dll:Cla$Mem2Ufo 42A3D4
ClaRUN.dll:Cla$MessageBox 42A3D8,4010E0
ClaRUN.dll:Cla$modulus 42A3DC
ClaRUN.dll:Cla$NewMemB 42A3E0
ClaRUN.dll:Cla$NewMemZ 42A3E4
ClaRUN.dll:Cla$NEWqueue 42A3E8
ClaRUN.dll:Cla$OPENwindow 42A3EC,4010E8
ClaRUN.dll:Cla$PEEK 42A3F0
ClaRUN.dll:Cla$PopCString 42A3F4
ClaRUN.dll:Cla$PopPString 42A3F8
ClaRUN.dll:Cla$PopReal 42A3FC
ClaRUN.dll:Cla$PopString 42A400
ClaRUN.dll:Cla$PopTemp 42A404
ClaRUN.dll:Cla$POST 42A408,4010F0
ClaRUN.dll:Cla$PushCString 42A40C
ClaRUN.dll:Cla$PushLong 42A410
ClaRUN.dll:Cla$PushPictDec 42A414
ClaRUN.dll:Cla$PushPictLong 42A418
ClaRUN.dll:Cla$PushReal 42A41C
ClaRUN.dll:Cla$PushString 42A420
ClaRUN.dll:Cla$PushTemp 42A424
ClaRUN.dll:Cla$PushUfo 42A428
ClaRUN.dll:Cla$PUTINI 42A42C,4010F8
ClaRUN.dll:Cla$PUTqueue 42A430
ClaRUN.dll:Cla$pwopen 42A434,401100
ClaRUN.dll:Cla$RANDOM 42A438,401108
ClaRUN.dll:Cla$RECORDSqueue 42A43C,401110
ClaRUN.dll:Cla$RefAssignAny 42A440
ClaRUN.dll:Cla$REGULAR 42A444,401118
ClaRUN.dll:Cla$RemoveFile 42A448,401120
ClaRUN.dll:Cla$RUN 42A44C,401128
ClaRUN.dll:Cla$SELECTED 42A450,401130
ClaRUN.dll:Cla$SetPropQ 42A454
ClaRUN.dll:Cla$SetPropS 42A458
ClaRUN.dll:Cla$SetPropV 42A45C
ClaRUN.dll:Cla$SHORTPATH 42A460,401138
ClaRUN.dll:Cla$SORTqueuefkey 42A464
ClaRUN.dll:Cla$Stack2DStack 42A468
ClaRUN.dll:Cla$Stack2Ufo 42A46C
ClaRUN.dll:Cla$StackALL 42A470,401140
ClaRUN.dll:Cla$StackCLIP 42A474,401148
ClaRUN.dll:Cla$StackCompare 42A478
ClaRUN.dll:Cla$StackCompareN 42A47C
ClaRUN.dll:Cla$StackCompareNEQ 42A480
ClaRUN.dll:Cla$StackCompareR 42A484
ClaRUN.dll:Cla$StackConcat 42A488
ClaRUN.dll:Cla$StackConcatR 42A48C
ClaRUN.dll:Cla$StackCONTENTS 42A490,401150
ClaRUN.dll:Cla$StackErrstr 42A494,401158
ClaRUN.dll:Cla$StackFORMAT2 42A498
ClaRUN.dll:Cla$StackHeap 42A49C
ClaRUN.dll:Cla$StackINSTRING 42A4A0,401160
ClaRUN.dll:Cla$StackLEFT 42A4A4,401168
ClaRUN.dll:Cla$StackLen 42A4A8,401170
ClaRUN.dll:Cla$StackLOWER 42A4AC,401178
ClaRUN.dll:Cla$StackNUMERIC 42A4B0,401180
ClaRUN.dll:Cla$StackRIGHT 42A4B4,401188
ClaRUN.dll:Cla$StackRotate 42A4B8
ClaRUN.dll:Cla$StackSUB 42A4BC,401190
ClaRUN.dll:Cla$StackUPPER 42A4C0,401198
ClaRUN.dll:Cla$StackVAL 42A4C4
ClaRUN.dll:Cla$StartEventLoop 42A4C8
ClaRUN.dll:Cla$STOP 42A4CC,4011A0
ClaRUN.dll:Cla$storecstr 42A4D0
ClaRUN.dll:Cla$storestr 42A4D4
ClaRUN.dll:Cla$String2Ref 42A4D8
ClaRUN.dll:Cla$THREAD 42A4DC,4011A8
ClaRUN.dll:Cla$TODAY 42A4E0,4011B0
ClaRUN.dll:Cla$Ufo2Real 42A4E4
ClaRUN.dll:Cla$WHAT 42A4E8,4011B8
ClaRUN.dll:THR$GetInstance 42A4EC,4011C0
ClaRUN.dll:WslDebug$NameMessage 42A4F0,4011C8
ClaRUN.dll:_exit 42A4F4,4011D0
ClaRUN.dll:_free 42A4F8
ClaRUN.dll:_malloc 42A4FC
ClaRUN.dll:_memchr 42A500,4011D8
ClaRUN.dll:_memcmp 42A504,4011E0
ClaRUN.dll:_memcpy 42A508,4011E8
ClaRUN.dll:_nullstrlen 42A50C
ClaRUN.dll:_srand 42A510,4011F0
ClaRUN.dll:__a_chkstk 42A514,4011F8
ClaRUN.dll:__e_index 42A518,401200
ClaRUN.dll:__e_stack 42A51C,401208
ClaRUN.dll:__sysinit 42A520,401210
ClaRUN.dll:__sysstart 42A524,401218
KERNEL32.dll:CloseHandle 42A56C,401220
KERNEL32.dll:CreateFileA 42A570,401228
KERNEL32.dll:DebugBreak 42A574,401230
KERNEL32.dll:FormatMessageA 42A578,401238
KERNEL32.dll:GetCurrentProcessId 42A57C,401240
KERNEL32.dll:GetFileSize 42A580,401248
KERNEL32.dll:GetLastError 42A584,401250
KERNEL32.dll:GetProcAddress 42A588,401258
KERNEL32.dll:LoadLibraryA 42A58C,401260
KERNEL32.dll:MultiByteToWideChar 42A590,401268
KERNEL32.dll:OutputDebugStringA 42A594,401270
KERNEL32.dll:ReadFile 42A598,401278
KERNEL32.dll:SetFilePointer 42A59C,401280
KERNEL32.dll:WideCharToMultiByte 42A5A0,401288
KERNEL32.dll:WriteFile 42A5A4,401290
USER32.dll:GetSysColor 42A5B4,401298



Entry Point:   40540C